node.exe : Unsupported compiler options in "file
:///C:/Projects/Quantmind%20Application/QuantMin
d/supabase/functions/deno.json".
At C:\Program Files\nodejs\npx.ps1:29 char:3
+   & $NODE_EXE $NPX_CLI_JS $args
+   ~~~~~~~~~~~~~~~~~~~~~~~~~~~~~
    + CategoryInfo          : NotSpecified: (Un 
   supported com...ons/deno.json".:String) [],  
   RemoteException
    + FullyQualifiedErrorId : NativeCommandErro 
   r
 
  The following options were ignored:
    allowJs
[0m[38;5;245m------- pre-test output -------[0m
Listening on http://localhost:8000/
Uncaught error from ./supabase/functions/tests/api_retrieval_test.ts [0m[31mFAILED[0m

[0m[1m[37m[41m ERRORS [0m

./supabase/functions/tests/api_retrieval_test.ts (uncaught error)
[0m[1m[31merror[0m: (in promise) AddrInUse: Only one usage of each socket address (protocol/network address/port) is normally permitted. (os error 10048)
    const listener = Deno.listen({
[0m[31m                          ^[0m
    [0m[2m[38;5;245mat [0m[0m[2m[38;5;245mObject.listen[0m[0m[2m[38;5;245m ([0m[0m[2m[38;5;245mext:deno_net/01_net.js[0m[0m[2m[38;5;245m:[0m[0m[2m[38;5;245m605[0m[0m[2m[38;5;245m:[0m[0m[2m[38;5;245m35[0m[0m[2m[38;5;245m)[0m
    at [0m[1m[3mServer.listenAndServe[0m ([0m[36mhttps://deno.land/std@0.177.0/http/server.ts[0m:[0m[33m182[0m:[0m[33m27[0m)
    at [0m[1m[3mserve[0m ([0m[36mhttps://deno.land/std@0.177.0/http/server.ts[0m:[0m[33m604[0m:[0m[33m20[0m)
    at [0m[2m[38;5;245mfile:///C:/Projects/Quantmind%20Application/QuantMind/[0m[0m[36msupabase/functions/assets/index.ts[0m:[0m[33m58[0m:[0m[33m1[0m
This error was not caught from a test and caused the test runner to fail on the referenced module.
It most likely originated from a dangling promise, event/timeout handler or top-level code.

[0m[1m[37m[41m FAILURES [0m

./supabase/functions/tests/api_retrieval_test.ts (uncaught error)

[0m[31mFAILED[0m | 0 passed | 1 failed [0m[38;5;245m(0ms)[0m

[0m[1m[31merror[0m: Test failed
